Statement for BigCo
  Hamlet: $65,000.00 (55 seats)
  As You Like It: $58,000.00 (35 seats)
  Othello: $50,000.00 (40 seats)
Amount owed is $173,000.00
You earned 47 credits
