<html><head><title>Invoice</title></head><body><h1>Invoice</h1><p>Client: BigCo</p><table border="1"><tr><th>Piece</th><th>Seats sold</th><th colspan='2'>Price</th></tr><tr><td>Hamlet</td><td>55</td><td colspan='2'>$650.0</td></tr><tr><td>As You Like It</td><td>35</td><td colspan='2'>$580.0</td></tr><tr><td>Othello</td><td>40</td><td colspan='2'>$500.0</td></tr><tr><td colspan='2'><b>Total Owed</b></td><td >$1730.0</td></tr><tr><td colspan='2'><b>Volume Credits</b></td><td>47</td></tr></table><p>Payment is required under 30 days. We can break your knees if you don't do so.</p></body></html>